127.0.0.1 - - [20/May/2024:10:47:34 +0900] "GET / HTTP/1.1" 500 12557
0:0:0:0:0:0:0:1 - - [20/May/2024:10:47:35 +0900] "GET /jsp_prj/day0520/create_dept.jsp HTTP/1.1" 200 1329
192.168.10.216 - - [20/May/2024:10:47:35 +0900] "GET /jsp_prj/common/css/board.css HTTP/1.1" 304 -
192.168.10.216 - - [20/May/2024:10:47:35 +0900] "GET /jsp_prj/common/css/main.css HTTP/1.1" 304 -
0:0:0:0:0:0:0:1 - - [20/May/2024:10:47:42 +0900] "GET /jsp_prj/day0520/create_dept.jsp?type=1 HTTP/1.1" 200 1329
0:0:0:0:0:0:0:1 - - [20/May/2024:10:47:44 +0900] "GET /jsp_prj/day0520/create_dept.jsp?type=0 HTTP/1.1" 200 1329
0:0:0:0:0:0:0:1 - - [20/May/2024:10:50:29 +0900] "GET /jsp_prj/day0520/create_dept_2.jsp HTTP/1.1" 200 471
0:0:0:0:0:0:0:1 - - [20/May/2024:10:50:29 +0900] "GET /favicon.ico HTTP/1.1" 404 818
0:0:0:0:0:0:0:1 - - [20/May/2024:10:50:45 +0900] "GET /jsp_prj/day0520/create_dept_2.jsp HTTP/1.1" 200 467
127.0.0.1 - - [20/May/2024:11:36:37 +0900] "GET / HTTP/1.1" 200 69979
0:0:0:0:0:0:0:1 - - [20/May/2024:11:36:37 +0900] "GET /jsp_prj/day0520/create_dept.jsp HTTP/1.1" 200 1329
0:0:0:0:0:0:0:1 - - [20/May/2024:11:36:39 +0900] "GET /jsp_prj/day0520/create_dept_2.jsp HTTP/1.1" 200 515
127.0.0.1 - - [20/May/2024:12:32:00 +0900] "GET / HTTP/1.1" 200 69979
0:0:0:0:0:0:0:1 - - [20/May/2024:12:32:00 +0900] "GET /jsp_prj/day0520/parsing.xml HTTP/1.1" 200 145
127.0.0.1 - - [20/May/2024:12:32:12 +0900] "GET /jsp_prj/day0520/parsing.xml HTTP/1.1" 200 145
192.168.10.215 - - [20/May/2024:12:33:22 +0900] "GET /jsp_prj/day0520/parsing.xml HTTP/1.1" 200 145
127.0.0.1 - - [20/May/2024:12:34:52 +0900] "GET / HTTP/1.1" 200 69979
0:0:0:0:0:0:0:1 - - [20/May/2024:12:34:52 +0900] "GET /jsp_prj/day0520/parsing.xml HTTP/1.1" 304 -
0:0:0:0:0:0:0:1 - - [20/May/2024:14:08:07 +0900] "GET /jsp_prj/day0520/dept.xml HTTP/1.1" 200 455
127.0.0.1 - - [20/May/2024:14:09:21 +0900] "GET /jsp_prj/day0520/dept.xml HTTP/1.1" 200 455
0:0:0:0:0:0:0:1 - - [20/May/2024:14:09:21 +0900] "GET /jsp_prj/day0520/dept_parsing.jsp HTTP/1.1" 200 1202
127.0.0.1 - - [20/May/2024:14:10:13 +0900] "GET /jsp_prj/day0520/dept.xml HTTP/1.1" 200 455
0:0:0:0:0:0:0:1 - - [20/May/2024:14:10:13 +0900] "GET /jsp_prj/day0520/dept_parsing.jsp HTTP/1.1" 200 1202
127.0.0.1 - - [20/May/2024:14:11:34 +0900] "GET /jsp_prj/day0520/dept.xml HTTP/1.1" 200 455
0:0:0:0:0:0:0:1 - - [20/May/2024:14:11:34 +0900] "GET /jsp_prj/day0520/dept_parsing.jsp HTTP/1.1" 200 1219
127.0.0.1 - - [20/May/2024:14:13:40 +0900] "GET /jsp_prj/day0520/dept.xml HTTP/1.1" 200 455
0:0:0:0:0:0:0:1 - - [20/May/2024:14:13:40 +0900] "GET /jsp_prj/day0520/dept_parsing.jsp HTTP/1.1" 200 1189
127.0.0.1 - - [20/May/2024:14:19:35 +0900] "GET /jsp_prj/day0520/dept.xml HTTP/1.1" 200 455
0:0:0:0:0:0:0:1 - - [20/May/2024:14:19:35 +0900] "GET /jsp_prj/day0520/dept_parsing.jsp HTTP/1.1" 500 2590
127.0.0.1 - - [20/May/2024:14:20:17 +0900] "GET /jsp_prj/day0520/dept.xml HTTP/1.1" 200 455
0:0:0:0:0:0:0:1 - - [20/May/2024:14:20:17 +0900] "GET /jsp_prj/day0520/dept_parsing.jsp HTTP/1.1" 200 1633
0:0:0:0:0:0:0:1 - - [20/May/2024:14:39:39 +0900] "GET /jsp_prj/day0520/jtbc_rss.jsp HTTP/1.1" 200 2024
0:0:0:0:0:0:0:1 - - [20/May/2024:14:39:41 +0900] "GET /jsp_prj/day0520/jtbc_rss.jsp?url=newsflash HTTP/1.1" 200 2047
0:0:0:0:0:0:0:1 - - [20/May/2024:14:42:59 +0900] "GET /jsp_prj/day0520/jtbc_rss.jsp HTTP/1.1" 200 2024
0:0:0:0:0:0:0:1 - - [20/May/2024:14:44:21 +0900] "GET /jsp_prj/day0520/jtbc_rss.jsp HTTP/1.1" 200 2024
0:0:0:0:0:0:0:1 - - [20/May/2024:14:44:23 +0900] "GET /jsp_prj/day0520/jtbc_rss.jsp?url=newsflash HTTP/1.1" 500 2561
0:0:0:0:0:0:0:1 - - [20/May/2024:14:45:00 +0900] "GET /jsp_prj/day0520/jtbc_rss.jsp HTTP/1.1" 200 2024
0:0:0:0:0:0:0:1 - - [20/May/2024:14:45:02 +0900] "GET /jsp_prj/day0520/jtbc_rss.jsp?url=entertainment HTTP/1.1" 200 2129
0:0:0:0:0:0:0:1 - - [20/May/2024:14:45:03 +0900] "GET /jsp_prj/day0520/jtbc_rss.jsp?url=economy HTTP/1.1" 200 2129
0:0:0:0:0:0:0:1 - - [20/May/2024:14:45:03 +0900] "GET /jsp_prj/day0520/jtbc_rss.jsp?url=newsflash HTTP/1.1" 200 2129
0:0:0:0:0:0:0:1 - - [20/May/2024:14:45:04 +0900] "GET /jsp_prj/day0520/jtbc_rss.jsp?url=politics HTTP/1.1" 200 2129
0:0:0:0:0:0:0:1 - - [20/May/2024:14:45:04 +0900] "GET /jsp_prj/day0520/jtbc_rss.jsp?url=economy HTTP/1.1" 200 2129
0:0:0:0:0:0:0:1 - - [20/May/2024:14:45:05 +0900] "GET /jsp_prj/day0520/jtbc_rss.jsp?url=international HTTP/1.1" 200 2129
0:0:0:0:0:0:0:1 - - [20/May/2024:14:45:05 +0900] "GET /jsp_prj/day0520/jtbc_rss.jsp?url=society HTTP/1.1" 200 2129
0:0:0:0:0:0:0:1 - - [20/May/2024:14:45:05 +0900] "GET /jsp_prj/day0520/jtbc_rss.jsp?url=sports HTTP/1.1" 200 2132
0:0:0:0:0:0:0:1 - - [20/May/2024:14:45:05 +0900] "GET /jsp_prj/day0520/jtbc_rss.jsp?url=fullvideo HTTP/1.1" 200 2132
0:0:0:0:0:0:0:1 - - [20/May/2024:14:45:06 +0900] "GET /jsp_prj/day0520/jtbc_rss.jsp?url=newsrank HTTP/1.1" 200 2135
0:0:0:0:0:0:0:1 - - [20/May/2024:14:45:06 +0900] "GET /jsp_prj/day0520/jtbc_rss.jsp?url=newmorning HTTP/1.1" 200 2130
0:0:0:0:0:0:0:1 - - [20/May/2024:14:45:06 +0900] "GET /jsp_prj/day0520/jtbc_rss.jsp?url=newmorning HTTP/1.1" 200 2130
0:0:0:0:0:0:0:1 - - [20/May/2024:14:45:07 +0900] "GET /jsp_prj/day0520/jtbc_rss.jsp?url=newsroom HTTP/1.1" 200 2137
0:0:0:0:0:0:0:1 - - [20/May/2024:14:45:07 +0900] "GET /jsp_prj/day0520/jtbc_rss.jsp?url=sports HTTP/1.1" 200 2132
0:0:0:0:0:0:0:1 - - [20/May/2024:14:45:08 +0900] "GET /jsp_prj/day0520/jtbc_rss.jsp?url=newsrank HTTP/1.1" 200 2135
0:0:0:0:0:0:0:1 - - [20/May/2024:14:45:08 +0900] "GET /jsp_prj/day0520/jtbc_rss.jsp?url=fullvideo HTTP/1.1" 200 2132
0:0:0:0:0:0:0:1 - - [20/May/2024:14:45:38 +0900] "GET /jsp_prj/day0520/jtbc_rss.jsp HTTP/1.1" 200 2024
0:0:0:0:0:0:0:1 - - [20/May/2024:14:45:43 +0900] "GET /jsp_prj/day0520/jtbc_rss.jsp?url=newsflash HTTP/1.1" 200 2129
0:0:0:0:0:0:0:1 - - [20/May/2024:14:45:43 +0900] "GET /jsp_prj/day0520/jtbc_rss.jsp?url=politics HTTP/1.1" 200 2129
0:0:0:0:0:0:0:1 - - [20/May/2024:14:45:44 +0900] "GET /jsp_prj/day0520/jtbc_rss.jsp?url=culture HTTP/1.1" 200 2129
0:0:0:0:0:0:0:1 - - [20/May/2024:14:47:04 +0900] "GET /jsp_prj/day0520/jtbc_rss.jsp HTTP/1.1" 200 2026
0:0:0:0:0:0:0:1 - - [20/May/2024:14:47:06 +0900] "GET /jsp_prj/day0520/jtbc_rss.jsp?url=newsflash HTTP/1.1" 200 2183
0:0:0:0:0:0:0:1 - - [20/May/2024:14:47:07 +0900] "GET /jsp_prj/day0520/jtbc_rss.jsp?url=economy HTTP/1.1" 200 2183
0:0:0:0:0:0:0:1 - - [20/May/2024:14:47:07 +0900] "GET /jsp_prj/day0520/jtbc_rss.jsp?url=international HTTP/1.1" 200 2183
0:0:0:0:0:0:0:1 - - [20/May/2024:14:47:08 +0900] "GET /jsp_prj/day0520/jtbc_rss.jsp?url=society HTTP/1.1" 200 2183
0:0:0:0:0:0:0:1 - - [20/May/2024:14:47:08 +0900] "GET /jsp_prj/day0520/jtbc_rss.jsp?url=culture HTTP/1.1" 200 2183
0:0:0:0:0:0:0:1 - - [20/May/2024:14:47:09 +0900] "GET /jsp_prj/day0520/jtbc_rss.jsp?url=sports HTTP/1.1" 200 2186
0:0:0:0:0:0:0:1 - - [20/May/2024:14:47:09 +0900] "GET /jsp_prj/day0520/jtbc_rss.jsp?url=newsrank HTTP/1.1" 200 2189
0:0:0:0:0:0:0:1 - - [20/May/2024:14:47:10 +0900] "GET /jsp_prj/day0520/jtbc_rss.jsp?url=fullvideo HTTP/1.1" 200 2186
0:0:0:0:0:0:0:1 - - [20/May/2024:14:47:10 +0900] "GET /jsp_prj/day0520/jtbc_rss.jsp?url=newsrank HTTP/1.1" 200 2189
0:0:0:0:0:0:0:1 - - [20/May/2024:14:47:11 +0900] "GET /jsp_prj/day0520/jtbc_rss.jsp?url=newsrank HTTP/1.1" 200 2189
0:0:0:0:0:0:0:1 - - [20/May/2024:14:47:11 +0900] "GET /jsp_prj/day0520/jtbc_rss.jsp?url=newsrank HTTP/1.1" 200 2189
0:0:0:0:0:0:0:1 - - [20/May/2024:14:47:12 +0900] "GET /jsp_prj/day0520/jtbc_rss.jsp?url=sports HTTP/1.1" 200 2186
0:0:0:0:0:0:0:1 - - [20/May/2024:14:47:12 +0900] "GET /jsp_prj/day0520/jtbc_rss.jsp?url=entertainment HTTP/1.1" 200 2183
0:0:0:0:0:0:0:1 - - [20/May/2024:14:47:12 +0900] "GET /jsp_prj/day0520/jtbc_rss.jsp?url=culture HTTP/1.1" 200 2183
0:0:0:0:0:0:0:1 - - [20/May/2024:14:47:13 +0900] "GET /jsp_prj/day0520/jtbc_rss.jsp?url=entertainment HTTP/1.1" 200 2183
0:0:0:0:0:0:0:1 - - [20/May/2024:14:47:13 +0900] "GET /jsp_prj/day0520/jtbc_rss.jsp?url=international HTTP/1.1" 200 2183
0:0:0:0:0:0:0:1 - - [20/May/2024:14:47:15 +0900] "GET /jsp_prj/day0520/jtbc_rss.jsp?url=newsflash HTTP/1.1" 200 2183
0:0:0:0:0:0:0:1 - - [20/May/2024:14:47:16 +0900] "GET /jsp_prj/day0520/jtbc_rss.jsp?url=sports HTTP/1.1" 200 2186
0:0:0:0:0:0:0:1 - - [20/May/2024:14:47:16 +0900] "GET /jsp_prj/day0520/jtbc_rss.jsp?url=newsrank HTTP/1.1" 200 2189
0:0:0:0:0:0:0:1 - - [20/May/2024:14:47:17 +0900] "GET /jsp_prj/day0520/jtbc_rss.jsp?url=newsroom HTTP/1.1" 200 2191
0:0:0:0:0:0:0:1 - - [20/May/2024:14:47:17 +0900] "GET /jsp_prj/day0520/jtbc_rss.jsp?url=newmorning HTTP/1.1" 200 2184
0:0:0:0:0:0:0:1 - - [20/May/2024:14:47:18 +0900] "GET /jsp_prj/day0520/jtbc_rss.jsp?url=newsroom HTTP/1.1" 200 2191
0:0:0:0:0:0:0:1 - - [20/May/2024:14:47:18 +0900] "GET /jsp_prj/day0520/jtbc_rss.jsp?url=newsrank HTTP/1.1" 200 2189
0:0:0:0:0:0:0:1 - - [20/May/2024:14:47:19 +0900] "GET /jsp_prj/day0520/jtbc_rss.jsp?url=newmorning HTTP/1.1" 200 2184
0:0:0:0:0:0:0:1 - - [20/May/2024:14:47:20 +0900] "GET /jsp_prj/day0520/jtbc_rss.jsp?url=newmorning HTTP/1.1" 200 2184
0:0:0:0:0:0:0:1 - - [20/May/2024:14:47:20 +0900] "GET /jsp_prj/day0520/jtbc_rss.jsp?url=newsroom HTTP/1.1" 200 2191
0:0:0:0:0:0:0:1 - - [20/May/2024:14:47:21 +0900] "GET /jsp_prj/day0520/jtbc_rss.jsp?url=fullvideo HTTP/1.1" 200 2186
0:0:0:0:0:0:0:1 - - [20/May/2024:14:47:22 +0900] "GET /jsp_prj/day0520/jtbc_rss.jsp?url=fullvideo HTTP/1.1" 200 2186
0:0:0:0:0:0:0:1 - - [20/May/2024:14:47:22 +0900] "GET /jsp_prj/day0520/jtbc_rss.jsp?url=sports HTTP/1.1" 200 2186
0:0:0:0:0:0:0:1 - - [20/May/2024:14:47:23 +0900] "GET /jsp_prj/day0520/jtbc_rss.jsp?url=entertainment HTTP/1.1" 200 2183
0:0:0:0:0:0:0:1 - - [20/May/2024:14:47:23 +0900] "GET /jsp_prj/day0520/jtbc_rss.jsp?url=culture HTTP/1.1" 200 2183
0:0:0:0:0:0:0:1 - - [20/May/2024:14:47:24 +0900] "GET /jsp_prj/day0520/jtbc_rss.jsp?url=culture HTTP/1.1" 200 2183
0:0:0:0:0:0:0:1 - - [20/May/2024:14:47:24 +0900] "GET /jsp_prj/day0520/jtbc_rss.jsp?url=international HTTP/1.1" 200 2183
0:0:0:0:0:0:0:1 - - [20/May/2024:14:47:24 +0900] "GET /jsp_prj/day0520/jtbc_rss.jsp?url=society HTTP/1.1" 200 2183
0:0:0:0:0:0:0:1 - - [20/May/2024:14:47:25 +0900] "GET /jsp_prj/day0520/jtbc_rss.jsp?url=economy HTTP/1.1" 200 2183
0:0:0:0:0:0:0:1 - - [20/May/2024:14:47:25 +0900] "GET /jsp_prj/day0520/jtbc_rss.jsp?url=politics HTTP/1.1" 200 2183
0:0:0:0:0:0:0:1 - - [20/May/2024:14:47:26 +0900] "GET /jsp_prj/day0520/jtbc_rss.jsp?url=newsflash HTTP/1.1" 200 2183
0:0:0:0:0:0:0:1 - - [20/May/2024:14:47:27 +0900] "GET /jsp_prj/day0520/jtbc_rss.jsp?url=culture HTTP/1.1" 200 2183
0:0:0:0:0:0:0:1 - - [20/May/2024:14:47:28 +0900] "GET /jsp_prj/day0520/jtbc_rss.jsp?url=fullvideo HTTP/1.1" 200 2186
0:0:0:0:0:0:0:1 - - [20/May/2024:14:47:29 +0900] "GET /jsp_prj/day0520/jtbc_rss.jsp?url=newsrank HTTP/1.1" 200 2189
0:0:0:0:0:0:0:1 - - [20/May/2024:14:47:30 +0900] "GET /jsp_prj/day0520/jtbc_rss.jsp?url=newsrank HTTP/1.1" 200 2189
0:0:0:0:0:0:0:1 - - [20/May/2024:14:47:30 +0900] "GET /jsp_prj/day0520/jtbc_rss.jsp?url=sports HTTP/1.1" 200 2186
0:0:0:0:0:0:0:1 - - [20/May/2024:14:47:31 +0900] "GET /jsp_prj/day0520/jtbc_rss.jsp?url=fullvideo HTTP/1.1" 200 2186
0:0:0:0:0:0:0:1 - - [20/May/2024:14:47:32 +0900] "GET /jsp_prj/day0520/jtbc_rss.jsp?url=fullvideo HTTP/1.1" 200 2186
192.168.10.216 - - [20/May/2024:14:47:32 +0900] "GET /jsp_prj/common/favicon.ico HTTP/1.1" 304 -
0:0:0:0:0:0:0:1 - - [20/May/2024:14:47:33 +0900] "GET /jsp_prj/day0520/jtbc_rss.jsp?url=culture HTTP/1.1" 200 2183
0:0:0:0:0:0:0:1 - - [20/May/2024:14:47:34 +0900] "GET /jsp_prj/day0520/jtbc_rss.jsp?url=sports HTTP/1.1" 200 2186
0:0:0:0:0:0:0:1 - - [20/May/2024:14:50:11 +0900] "GET /jsp_prj/day0520/jtbc_rss.jsp HTTP/1.1" 200 2026
0:0:0:0:0:0:0:1 - - [20/May/2024:14:50:12 +0900] "GET /jsp_prj/day0520/jtbc_rss.jsp?url=sports HTTP/1.1" 200 2186
0:0:0:0:0:0:0:1 - - [20/May/2024:14:50:13 +0900] "GET /jsp_prj/day0520/jtbc_rss.jsp?url=international HTTP/1.1" 200 2183
0:0:0:0:0:0:0:1 - - [20/May/2024:14:50:13 +0900] "GET /jsp_prj/day0520/jtbc_rss.jsp?url=entertainment HTTP/1.1" 200 2183
0:0:0:0:0:0:0:1 - - [20/May/2024:14:50:15 +0900] "GET /jsp_prj/day0520/jtbc_rss.jsp?url=newmorning HTTP/1.1" 200 2184
0:0:0:0:0:0:0:1 - - [20/May/2024:14:50:15 +0900] "GET /jsp_prj/day0520/jtbc_rss.jsp?url=newmorning HTTP/1.1" 200 2184
0:0:0:0:0:0:0:1 - - [20/May/2024:14:50:15 +0900] "GET /jsp_prj/day0520/jtbc_rss.jsp?url=economy HTTP/1.1" 200 2183
0:0:0:0:0:0:0:1 - - [20/May/2024:14:50:16 +0900] "GET /jsp_prj/day0520/jtbc_rss.jsp?url=newsflash HTTP/1.1" 200 2183
0:0:0:0:0:0:0:1 - - [20/May/2024:14:50:17 +0900] "GET /jsp_prj/day0520/jtbc_rss.jsp?url=politics HTTP/1.1" 200 2183
0:0:0:0:0:0:0:1 - - [20/May/2024:14:50:17 +0900] "GET /jsp_prj/day0520/jtbc_rss.jsp?url=newsflash HTTP/1.1" 200 2183
0:0:0:0:0:0:0:1 - - [20/May/2024:14:50:17 +0900] "GET /jsp_prj/day0520/jtbc_rss.jsp?url=economy HTTP/1.1" 200 2183
0:0:0:0:0:0:0:1 - - [20/May/2024:14:50:18 +0900] "GET /jsp_prj/day0520/jtbc_rss.jsp?url=international HTTP/1.1" 200 2183
0:0:0:0:0:0:0:1 - - [20/May/2024:15:11:11 +0900] "GET /jsp_prj/day0520/jtbc_rss.jsp HTTP/1.1" 200 2026
0:0:0:0:0:0:0:1 - - [20/May/2024:15:11:13 +0900] "GET /jsp_prj/day0520/jtbc_rss.jsp?url=politics HTTP/1.1" 200 14928
0:0:0:0:0:0:0:1 - - [20/May/2024:15:11:14 +0900] "GET /jsp_prj/day0520/jtbc_rss.jsp?url=newsflash HTTP/1.1" 200 15821
0:0:0:0:0:0:0:1 - - [20/May/2024:15:12:05 +0900] "GET /jsp_prj/day0520/jtbc_rss.jsp?url=newsflash HTTP/1.1" 200 16221
0:0:0:0:0:0:0:1 - - [20/May/2024:15:12:05 +0900] "GET /jsp_prj/day0520/jtbc_rss.jsp?url=newsflash HTTP/1.1" 200 16221
0:0:0:0:0:0:0:1 - - [20/May/2024:15:12:56 +0900] "GET /jsp_prj/day0520/jtbc_rss.jsp?url=newsflash HTTP/1.1" 200 17908
